// Jest Snapshot v1, https://goo.gl/fbAQLP

exports[`Main Content Nav renders the component and matches it to snapshot 1`] = `
ShallowWrapper {
  Symbol(enzyme.__root__): [Circular],
  Symbol(enzyme.__unrendered__): <Nav
    checkAnswer={[Function]}
    reset={[Function]}
  />,
  Symbol(enzyme.__renderer__): Object {
    "batchedUpdates": [Function],
    "getNode": [Function],
    "render": [Function],
    "simulateError": [Function],
    "simulateEvent": [Function],
    "unmount": [Function],
  },
  Symbol(enzyme.__node__): Object {
    "instance": null,
    "key": undefined,
    "nodeType": "host",
    "props": Object {
      "children": Array [
        <div
          id="nav"
        >
          <button
            id="trueBtn"
            onClick={[Function]}
          >
            True
          </button>
          <button
            id="falseBtn"
            onClick={[Function]}
          >
            False
          </button>
        </div>,
        <button
          id="resetBtn"
          onClick={[Function]}
        >
          Reset
        </button>,
      ],
      "id": "navcontainer",
    },
    "ref": null,
    "rendered": Array [
      Object {
        "instance": null,
        "key": undefined,
        "nodeType": "host",
        "props": Object {
          "children": Array [
            <button
              id="trueBtn"
              onClick={[Function]}
            >
              True
            </button>,
            <button
              id="falseBtn"
              onClick={[Function]}
            >
              False
            </button>,
          ],
          "id": "nav",
        },
        "ref": null,
        "rendered": Array [
          Object {
            "instance": null,
            "key": undefined,
            "nodeType": "host",
            "props": Object {
              "children": "True",
              "id": "trueBtn",
              "onClick": [Function],
            },
            "ref": null,
            "rendered": "True",
            "type": "button",
          },
          Object {
            "instance": null,
            "key": undefined,
            "nodeType": "host",
            "props": Object {
              "children": "False",
              "id": "falseBtn",
              "onClick": [Function],
            },
            "ref": null,
            "rendered": "False",
            "type": "button",
          },
        ],
        "type": "div",
      },
      Object {
        "instance": null,
        "key": undefined,
        "nodeType": "host",
        "props": Object {
          "children": "Reset",
          "id": "resetBtn",
          "onClick": [Function],
        },
        "ref": null,
        "rendered": "Reset",
        "type": "button",
      },
    ],
    "type": "div",
  },
  Symbol(enzyme.__nodes__): Array [
    Object {
      "instance": null,
      "key": undefined,
      "nodeType": "host",
      "props": Object {
        "children": Array [
          <div
            id="nav"
          >
            <button
              id="trueBtn"
              onClick={[Function]}
            >
              True
            </button>
            <button
              id="falseBtn"
              onClick={[Function]}
            >
              False
            </button>
          </div>,
          <button
            id="resetBtn"
            onClick={[Function]}
          >
            Reset
          </button>,
        ],
        "id": "navcontainer",
      },
      "ref": null,
      "rendered": Array [
        Object {
          "instance": null,
          "key": undefined,
          "nodeType": "host",
          "props": Object {
            "children": Array [
              <button
                id="trueBtn"
                onClick={[Function]}
              >
                True
              </button>,
              <button
                id="falseBtn"
                onClick={[Function]}
              >
                False
              </button>,
            ],
            "id": "nav",
          },
          "ref": null,
          "rendered": Array [
            Object {
              "instance": null,
              "key": undefined,
              "nodeType": "host",
              "props": Object {
                "children": "True",
                "id": "trueBtn",
                "onClick": [Function],
              },
              "ref": null,
              "rendered": "True",
              "type": "button",
            },
            Object {
              "instance": null,
              "key": undefined,
              "nodeType": "host",
              "props": Object {
                "children": "False",
                "id": "falseBtn",
                "onClick": [Function],
              },
              "ref": null,
              "rendered": "False",
              "type": "button",
            },
          ],
          "type": "div",
        },
        Object {
          "instance": null,
          "key": undefined,
          "nodeType": "host",
          "props": Object {
            "children": "Reset",
            "id": "resetBtn",
            "onClick": [Function],
          },
          "ref": null,
          "rendered": "Reset",
          "type": "button",
        },
      ],
      "type": "div",
    },
  ],
  Symbol(enzyme.__options__): Object {
    "adapter": ReactSixteenAdapter {
      "options": Object {
        "enableComponentDidUpdateOnSetState": true,
        "lifecycles": Object {
          "componentDidUpdate": Object {
            "onSetState": true,
          },
          "getDerivedStateFromProps": true,
          "getSnapshotBeforeUpdate": true,
          "setState": Object {
            "skipsComponentDidUpdateOnNullish": true,
          },
        },
      },
    },
  },
}
`;
