// Jest Snapshot v1, https://goo.gl/fbAQLP

exports[`Main Content Score renders the component and matches it to snapshot 1`] = `
ShallowWrapper {
  Symbol(enzyme.__root__): [Circular],
  Symbol(enzyme.__unrendered__): <Score
    question=""
    yourAnswer=""
  />,
  Symbol(enzyme.__renderer__): Object {
    "batchedUpdates": [Function],
    "getNode": [Function],
    "render": [Function],
    "simulateError": [Function],
    "simulateEvent": [Function],
    "unmount": [Function],
  },
  Symbol(enzyme.__node__): Object {
    "instance": null,
    "key": undefined,
    "nodeType": "host",
    "props": Object {
      "children": Array [
        <td
          style={
            Object {
              "padding": "10px",
              "textAlign": "center",
              "width": "15%",
            }
          }
        >
          <p>
            <Unknown
              style={
                Object {
                  "color": "orangered",
                  "fontSize": "24px",
                }
              }
            />
          </p>
        </td>,
        <td
          style={
            Object {
              "color": "orangered",
              "padding": "10px",
              "textAlign": "center",
              "width": "20%",
            }
          }
        >
          <p>
            
          </p>
        </td>,
        <td
          style={
            Object {
              "color": "orangered",
              "padding": "10px",
              "width": "65%",
            }
          }
        >
          <p>
            
          </p>
        </td>,
      ],
    },
    "ref": null,
    "rendered": Array [
      Object {
        "instance": null,
        "key": "Correct",
        "nodeType": "host",
        "props": Object {
          "children": <p>
            <Unknown
              style={
                Object {
                  "color": "orangered",
                  "fontSize": "24px",
                }
              }
            />
          </p>,
          "style": Object {
            "padding": "10px",
            "textAlign": "center",
            "width": "15%",
          },
        },
        "ref": null,
        "rendered": Object {
          "instance": null,
          "key": undefined,
          "nodeType": "host",
          "props": Object {
            "children": <Unknown
              style={
                Object {
                  "color": "orangered",
                  "fontSize": "24px",
                }
              }
            />,
          },
          "ref": null,
          "rendered": Object {
            "instance": null,
            "key": undefined,
            "nodeType": "function",
            "props": Object {
              "style": Object {
                "color": "orangered",
                "fontSize": "24px",
              },
            },
            "ref": null,
            "rendered": null,
            "type": [Function],
          },
          "type": "p",
        },
        "type": "td",
      },
      Object {
        "instance": null,
        "key": "YourAnswer",
        "nodeType": "host",
        "props": Object {
          "children": <p>
            
          </p>,
          "style": Object {
            "color": "orangered",
            "padding": "10px",
            "textAlign": "center",
            "width": "20%",
          },
        },
        "ref": null,
        "rendered": Object {
          "instance": null,
          "key": undefined,
          "nodeType": "host",
          "props": Object {
            "children": "",
          },
          "ref": null,
          "rendered": "",
          "type": "p",
        },
        "type": "td",
      },
      Object {
        "instance": null,
        "key": "Questions",
        "nodeType": "host",
        "props": Object {
          "children": <p>
            
          </p>,
          "style": Object {
            "color": "orangered",
            "padding": "10px",
            "width": "65%",
          },
        },
        "ref": null,
        "rendered": Object {
          "instance": null,
          "key": undefined,
          "nodeType": "host",
          "props": Object {
            "children": "",
          },
          "ref": null,
          "rendered": "",
          "type": "p",
        },
        "type": "td",
      },
    ],
    "type": "tr",
  },
  Symbol(enzyme.__nodes__): Array [
    Object {
      "instance": null,
      "key": undefined,
      "nodeType": "host",
      "props": Object {
        "children": Array [
          <td
            style={
              Object {
                "padding": "10px",
                "textAlign": "center",
                "width": "15%",
              }
            }
          >
            <p>
              <Unknown
                style={
                  Object {
                    "color": "orangered",
                    "fontSize": "24px",
                  }
                }
              />
            </p>
          </td>,
          <td
            style={
              Object {
                "color": "orangered",
                "padding": "10px",
                "textAlign": "center",
                "width": "20%",
              }
            }
          >
            <p>
              
            </p>
          </td>,
          <td
            style={
              Object {
                "color": "orangered",
                "padding": "10px",
                "width": "65%",
              }
            }
          >
            <p>
              
            </p>
          </td>,
        ],
      },
      "ref": null,
      "rendered": Array [
        Object {
          "instance": null,
          "key": "Correct",
          "nodeType": "host",
          "props": Object {
            "children": <p>
              <Unknown
                style={
                  Object {
                    "color": "orangered",
                    "fontSize": "24px",
                  }
                }
              />
            </p>,
            "style": Object {
              "padding": "10px",
              "textAlign": "center",
              "width": "15%",
            },
          },
          "ref": null,
          "rendered": Object {
            "instance": null,
            "key": undefined,
            "nodeType": "host",
            "props": Object {
              "children": <Unknown
                style={
                  Object {
                    "color": "orangered",
                    "fontSize": "24px",
                  }
                }
              />,
            },
            "ref": null,
            "rendered": Object {
              "instance": null,
              "key": undefined,
              "nodeType": "function",
              "props": Object {
                "style": Object {
                  "color": "orangered",
                  "fontSize": "24px",
                },
              },
              "ref": null,
              "rendered": null,
              "type": [Function],
            },
            "type": "p",
          },
          "type": "td",
        },
        Object {
          "instance": null,
          "key": "YourAnswer",
          "nodeType": "host",
          "props": Object {
            "children": <p>
              
            </p>,
            "style": Object {
              "color": "orangered",
              "padding": "10px",
              "textAlign": "center",
              "width": "20%",
            },
          },
          "ref": null,
          "rendered": Object {
            "instance": null,
            "key": undefined,
            "nodeType": "host",
            "props": Object {
              "children": "",
            },
            "ref": null,
            "rendered": "",
            "type": "p",
          },
          "type": "td",
        },
        Object {
          "instance": null,
          "key": "Questions",
          "nodeType": "host",
          "props": Object {
            "children": <p>
              
            </p>,
            "style": Object {
              "color": "orangered",
              "padding": "10px",
              "width": "65%",
            },
          },
          "ref": null,
          "rendered": Object {
            "instance": null,
            "key": undefined,
            "nodeType": "host",
            "props": Object {
              "children": "",
            },
            "ref": null,
            "rendered": "",
            "type": "p",
          },
          "type": "td",
        },
      ],
      "type": "tr",
    },
  ],
  Symbol(enzyme.__options__): Object {
    "adapter": ReactSixteenAdapter {
      "options": Object {
        "enableComponentDidUpdateOnSetState": true,
        "lifecycles": Object {
          "componentDidUpdate": Object {
            "onSetState": true,
          },
          "getDerivedStateFromProps": true,
          "getSnapshotBeforeUpdate": true,
          "setState": Object {
            "skipsComponentDidUpdateOnNullish": true,
          },
        },
      },
    },
  },
}
`;
